open documents (1):
  HumanoidUpperBody
opened HumanoidUpperBody_20261006
SUBSYSTEM HumanoidUpperBody
  bodies (1):
    base  mass=39.9197  solids=191 sheets=0 shells=0
      model box [  -105.0  -120.0     0.0 ] .. [   105.0   120.0   564.3 ]
      body  box [  -105.0  -120.0     0.0 ] .. [   105.0   120.0   564.3 ]  origin [     0.0     0.0     0.0 ] .. [     0.0     0.0     0.0 ]
        solid: 어댑터_260518  [  -105.0  -105.0     0.0 ] .. [   105.0   105.0    13.5 ]
        solid: C1_TN_DAUGHTER_BKT_USB_GASKET_1  [   -37.7    69.1    63.8 ] .. [    -7.7    72.1    68.8 ]
        solid: C1_TN_DAUGHTER_BKT_USB_GASKET_11  [    15.5    69.1    63.8 ] .. [    45.5    72.1    68.8 ]
        solid: C1_TN_DAUGHTER_BKT_LAN_GASKET_1  [    -1.3    69.1    63.8 ] .. [    14.7    73.6    68.8 ]
        solid: C1_TN_DAUGHTER_BKT_GASKET_1  [   -22.5    53.0    64.2 ] .. [    27.5    54.5    69.2 ]
        solid: C1_TN_DAUGHTER_BKT_SPONGE_1  [    -6.1    67.7    62.3 ] .. [    10.9    68.5    72.3 ]
        solid: C1_TN_DAUGHTER_BKT_STANDOFF_B_1  [    31.9    64.5    65.7 ] .. [    38.3    69.1    72.1 ]
        solid: C1_TN_DAUGHTER_BKT_STANDOFF_B_11  [   -33.3    64.5    65.7 ] .. [   -26.9    69.1    72.1 ]
        solid: C1_TN_DAUGHTER_BKT_C_1  [   -42.0    54.4    61.7 ] .. [    45.5    69.1    74.2 ]
        solid: C1_WS_PW_BUTTON_C_1  [    28.9    73.2   165.4 ] .. [    45.8    93.7   170.1 ]
        solid: C1_WS_SSD_THERMAL_PAD_1  [   -40.2    71.2    84.9 ] .. [   -21.2    73.0   149.9 ]
        solid: C1_WS_2242_STANDER_PAD_1  [   -17.4    71.2   124.6 ] .. [     1.6    73.0   146.6 ]
        solid: C1_WS_M2_BKT_HDD_MYLAR_1  [   -44.2    70.4    82.6 ] .. [   -21.7    70.6   153.2 ]
        solid: C1_WS_M2_BKT_MYLAR_1  [   -50.6    72.2    82.7 ] .. [   -41.2    72.3   153.1 ]
        solid: C1_WS_M2_RUBBER_1  [   -39.8    69.2   155.9 ] .. [   -26.8    72.8   160.9 ]
        solid: C1_WS_M2_BKT_GASKET_1  [   -53.2    70.7    82.5 ] .. [   -51.7    75.7   153.3 ]
        solid: C1_WS_ST_BTM_BKT_MYLAR_1  [   -38.9    53.2    65.6 ] .. [   -27.2    53.3    72.5 ]
        solid: C1_WS_ST_BTM_BKT_MYLAR_11  [   -38.8    53.2   155.7 ] .. [   -27.1    53.3   162.6 ]
        solid: C1_WS_M2_BKT_A_1  [   -51.7    53.3    65.6 ] .. [     2.2    75.2   162.6 ]
        solid: C1_WS_M2_BKT_CU_FFC_A2_1  [   -49.7    57.9    80.3 ] .. [     3.1    72.6   155.5 ]
        solid: C1_WS_DIMM_BRKT_V1_1_2  [    48.0    70.2    78.7 ] .. [    54.1    76.5   155.8 ]
        solid: C1_WS_DIMM_BRKT_V1_1_1  [    23.0    53.2    65.7 ] .. [    55.5    71.8   162.6 ]
        solid: C1_TN_DIMM_BKT_MYLAR_1_1  [    54.1    64.5    83.2 ] .. [    54.2    76.5   153.7 ]
        solid: C1_TN_DIMM_BKT_SPONGE_REAR_1  [    49.5    71.0    84.5 ] .. [    53.3    76.9   150.5 ]
        solid: C1_WS_DIMM_BKT_SPONGE_TOP_1  [    44.5    71.0    80.9 ] .. [    49.0    73.1   153.4 ]
        solid: C1_WS_T_DIMM_SPONGE_1  [    24.5    71.0   144.1 ] .. [    44.5    72.8   154.1 ]
        solid: C2_WS_ST_BTM_BKT_MYLAR_1  [    32.3    53.1    65.7 ] .. [    44.0    53.3    72.6 ]
        solid: C3_WS_ST_BTM_BKT_MYLAR_1  [    32.2    53.1   155.7 ] .. [    43.9    53.3   162.6 ]
        solid: C1_TN_BTM_BKT_SPONGE_1  [    50.5    53.0    81.3 ] .. [    56.0    54.3   154.3 ]
        solid: C1_WS_DAUGHTER_BKT_GASKET_1  [   -22.5    53.0    63.4 ] .. [    -6.5    54.5    67.4 ]
        solid: C2_WS_DAUGHTER_BKT_GASKET_1  [    11.5    53.0    63.4 ] .. [    27.5    54.5    67.4 ]
        solid: C1_WS_FRONT_AUDIO_GASKET_1  [    13.6    70.2   156.1 ] .. [    23.6    76.2   160.6 ]
        solid: C1_WS_T_FRONT_USB_GASKET_1  [   -14.0    70.2   156.1 ] .. [    10.0    75.7   161.6 ]
        solid: C1_SCREW_M30H40_IBKNIM1_1  [    43.2    52.3    84.5 ] .. [    48.4    57.1    89.7 ]
        solid: C2_SCREW_M30H40_IBKNIM1_1  [   -33.4    52.3    84.5 ] .. [   -28.2    57.1    89.7 ]
        solid: C3_SCREW_M30H40_IBKNIM1_1  [    43.2    52.6   146.2 ] .. [    48.4    57.4   151.4 ]
        solid: C4_SCREW_M30H40_IBKNIM1_1  [   -33.4    52.3   146.2 ] .. [   -28.2    57.1   151.4 ]
        solid: C1_WS_HDD_RUBBER_PLUG_1  [    42.7    52.3   145.7 ] .. [    48.8    58.4   151.8 ]
        solid: C2_WS_HDD_RUBBER_PLUG_1  [    42.7    52.3    84.0 ] .. [    48.8    58.4    90.1 ]
        solid: C3_WS_HDD_RUBBER_PLUG_1  [   -33.9    52.3    84.0 ] .. [   -27.8    58.4    90.1 ]
        solid: C4_WS_HDD_RUBBER_PLUG_1  [   -33.9    52.3   145.7 ] .. [   -27.8    58.4   151.8 ]
        solid: C1_TN_SCREW_M2_5L4_1  [    24.2    54.3   155.3 ] .. [    29.7    59.2   160.8 ]
        solid: C2_TN_SCREW_M2_5L4_1  [    42.5    54.3    74.1 ] .. [    48.0    59.2    79.6 ]
        solid: C1_TN_M2_BKT_STANDOFF_1  [    41.7    52.2    73.8 ] .. [    48.7    58.2    79.9 ]
        solid: C2_TN_M2_BKT_STANDOFF_1  [    23.4    52.2   155.0 ] .. [    30.4    58.2   161.1 ]
        solid: C3_TN_SCREW_M2_5L4_1  [   -25.4    54.5   155.7 ] .. [   -19.9    59.4   161.2 ]
        solid: C4_TN_SCREW_M2_5L4_1  [   -34.1    54.5    74.8 ] .. [   -28.6    59.4    80.3 ]
        solid: C3_TN_M2_BKT_STANDOFF_1  [   -34.8    52.2    74.5 ] .. [   -27.8    58.2    80.5 ]
        solid: C4_TN_M2_BKT_STANDOFF_1  [   -26.2    52.2   155.4 ] .. [   -19.2    58.2   161.5 ]
        solid: C1_WS_HDD_BKT_STANDOFF_NEW_1  [   -51.8    52.2   132.9 ] .. [   -45.7    58.1   139.9 ]
        solid: C2_WS_HDD_BKT_STANDOFF_NEW_1  [   -51.8    52.2    86.3 ] .. [   -45.7    58.1    93.3 ]
        solid: C1_TN_VESA_BKT_STANDOFF_1  [    -0.5    52.2   153.1 ] .. [     5.5    56.7   160.1 ]
        solid: C2_TN_VESA_BKT_STANDOFF_1  [    -0.5    52.2    68.1 ] .. [     5.5    56.7    75.1 ]
        solid: C1_TN_C_RING_1  [    47.0    76.7    65.7 ] .. [    52.3    77.1    71.7 ]
        solid: C2_TN_C_RING_1  [   -48.0    76.7    65.7 ] .. [   -42.7    77.1    71.7 ]
        solid: C3_TN_C_RING_1  [   -48.0    76.7   156.5 ] .. [   -42.7    77.1   162.5 ]
        solid: C4_TN_C_RING_1  [    47.0    76.7   156.5 ] .. [    52.3    77.1   162.5 ]
        solid: C1_WS_BTM_COVER_T_SCREW_1_1  [   -48.4    49.7   156.1 ] .. [   -41.6    86.1   162.9 ]
        solid: C2_WS_BTM_COVER_T_SCREW_1_1  [   -48.4    49.7    65.3 ] .. [   -41.6    86.1    72.1 ]
        solid: C3_WS_BTM_COVER_T_SCREW_1_1  [    46.6    49.7   156.1 ] .. [    53.4    86.1   162.9 ]
        solid: C4_WS_BTM_COVER_T_SCREW_1_1  [    46.6    49.7    65.3 ] .. [    53.4    86.1    72.1 ]
        solid: C1_TN_RUBBER_FOOT_1  [   -50.5    48.8   154.0 ] .. [   -39.5    52.7   165.0 ]
        solid: C2_TN_RUBBER_FOOT_1  [   -50.5    48.8    63.2 ] .. [   -39.5    52.7    74.2 ]
        solid: C3_TN_RUBBER_FOOT_1  [    44.5    48.8   154.0 ] .. [    55.5    52.7   165.0 ]
        solid: C4_TN_RUBBER_FOOT_1  [    44.5    48.8    63.2 ] .. [    55.5    52.7    74.2 ]
        solid: C1_TN_BTM_BKT_T_MB_STANDOFF_1  [   -49.6    52.2   155.0 ] .. [   -40.5    71.0   164.1 ]
        solid: C2_TN_BTM_BKT_T_MB_STANDOFF_1  [   -49.6    52.2    64.2 ] .. [   -40.5    71.0    73.3 ]
        solid: C3_TN_BTM_BKT_T_MB_STANDOFF_1  [    45.5    52.2   155.0 ] .. [    54.6    71.0   164.1 ]
        solid: C4_TN_BTM_BKT_T_MB_STANDOFF_1  [    45.5    52.2    64.2 ] .. [    54.6    71.0    73.3 ]
        solid: C1_WS_TALL_BTM_BKT_NEW_1_1  [   -53.7    50.0    60.4 ] .. [    58.7    70.2   167.8 ]
        solid: C2_WS_PW_BUTTON_C_1  [    28.9    73.2   165.4 ] .. [    45.8    93.7   170.1 ]
        solid: C1_WS_TOP_SHIELD_PW_SPONGE_2_1  [    26.6    94.7   164.6 ] .. [    48.0    96.7   166.5 ]
        solid: C1_WS_TOP_SHIELD_PW_SPONGE_M_1  [    26.6    71.5   166.5 ] .. [    48.0    96.7   166.6 ]
        solid: C1_WS_TOP_SHIELD_PW_SPONGE_1  [    26.6    71.5   166.6 ] .. [    48.0    96.7   167.9 ]
        solid: C1_TN_SCREW_M3L5_F_1  [    37.9    59.1    58.2 ] .. [    43.1    64.4    64.2 ]
        solid: C2_TN_SCREW_M3L5_F_1  [   -38.1    59.1    58.2 ] .. [   -32.9    64.4    64.2 ]
        solid: C5_TN_SCREW_M2_5L4_1  [   -47.8    93.8    66.0 ] .. [   -42.3    98.6    71.5 ]
        solid: C6_TN_SCREW_M2_5L4_1  [   -47.8    93.8   156.8 ] .. [   -42.3    98.6   162.3 ]
        solid: C7_TN_SCREW_M2_5L4_1  [    47.3    93.8   156.8 ] .. [    52.8    98.6   162.3 ]
        solid: C8_TN_SCREW_M2_5L4_1  [    47.3    93.8    66.0 ] .. [    52.8    98.6    71.5 ]
        solid: C1_WS_TALL_MESH_1  [   -56.0    60.5    81.8 ] .. [   -50.7    91.8   155.8 ]
        solid: C2_WS_TALL_MESH_1  [    55.7    60.5    81.8 ] .. [    61.0    91.8   155.8 ]
        solid: C1_WS_TALL_MID_FRAME_NEW_1  [   -56.0    52.2    58.1 ] .. [    61.0   101.2   170.1 ]
        solid: C1_WS_TOP_SHIELD_PW_MYLAR_S_1  [    27.2    70.6   164.8 ] .. [    47.4    87.1   165.3 ]
        solid: C1_WS_TOP_SHIELD_PW_MYLAR_1  [    27.2    70.6   165.3 ] .. [    47.4    87.1   165.4 ]
        solid: C1_WS_TALL_TOP_SHIELD_NEW_2022___7  [   -50.6    94.6    69.1 ] .. [   -49.0    95.2    71.1 ]
        solid: C1_WS_TALL_TOP_SHIELD_NEW_2022___6  [   -50.6    94.6   157.1 ] .. [   -49.0    95.2   159.1 ]
        solid: C1_WS_TALL_TOP_SHIELD_NEW_2022___5  [    54.0    94.6   157.1 ] .. [    55.6    95.2   159.1 ]
        solid: C1_WS_TALL_TOP_SHIELD_NEW_2022___4  [    54.0    94.6    69.1 ] .. [    55.6    95.2    71.1 ]
        solid: C1_WS_TALL_TOP_SHIELD_NEW_2022___3  [   -41.5    89.2    61.4 ] .. [   -39.0    96.1    65.0 ]
        solid: C1_WS_TALL_TOP_SHIELD_NEW_2022___2  [    48.5    94.1   165.3 ] .. [    50.2    96.1   166.8 ]
        solid: C1_WS_TALL_TOP_SHIELD_NEW_2022___1  [   -53.8    53.3    60.4 ] .. [    58.8   101.0   167.6 ]
        solid: C1_TN_TOP_SHIELD_STANDOFF_2_1  [   -49.3    83.0    73.5 ] .. [   -43.3    96.1    80.5 ]
        solid: C2_TN_TOP_SHIELD_STANDOFF_2_1  [    48.3    83.0    73.5 ] .. [    54.3    96.1    80.5 ]
        solid: C1_WS_TOP_SHIELD_STANDOFF_1__1  [   -48.0    82.0    65.2 ] .. [   -42.0    96.1    72.2 ]
        solid: C2_WS_TOP_SHIELD_STANDOFF_1__1  [   -48.0    82.0   156.0 ] .. [   -42.0    96.1   163.0 ]
        solid: C3_WS_TOP_SHIELD_STANDOFF_1__1  [    47.0    82.0    65.2 ] .. [    53.0    96.1    72.2 ]
        solid: C4_WS_TOP_SHIELD_STANDOFF_1__1  [    47.0    82.0   156.0 ] .. [    53.0    96.1   163.0 ]
        solid: C1_AN_TOP_COVER_1  [   -55.9    96.7    58.2 ] .. [    60.9   102.8   170.0 ]
        solid: C1_TN_BLANK_PLATE_1  [   -39.5    54.8    58.2 ] .. [    44.5    68.8    62.8 ]
        solid: C1_Imported1  [   -58.3    45.0    55.8 ] .. [    63.3    48.8   172.4 ]
        solid: C1_Body_Part01_260515  [   -65.5  -120.0    21.5 ] .. [    65.5  -114.0   237.5 ]
        solid: C2_Body_Part01_260515  [   -65.5   114.0    21.5 ] .. [    65.5   120.0   237.5 ]
        solid: C1_Body_Part22_260515  [   -79.5    39.0    21.5 ] .. [    79.5    45.0   345.5 ]
        solid: C1_Body_Part19_260515  [   -85.5    45.0   237.5 ] .. [    85.5   120.0   243.5 ]
        solid: C1_Body_Part28_260515  [   -85.5  -100.0    21.5 ] .. [   -79.5   100.0   237.5 ]
        solid: C1_LCFR6_2020_216  [   -85.5  -120.0    21.5 ] .. [   -65.5  -100.0   237.5 ]
        solid: C2_LCFR6_2020_216  [   -85.5   100.0    21.5 ] .. [   -65.5   120.0   237.5 ]
        solid: C2_Body_Part28_260515  [    79.5  -100.0    21.5 ] .. [    85.5   100.0   237.5 ]
        solid: C3_LCFR6_2020_216  [    65.5   100.0    21.5 ] .. [    85.5   120.0   237.5 ]
        solid: C4_LCFR6_2020_216  [    65.5  -120.0    21.5 ] .. [    85.5  -100.0   237.5 ]
        solid: C1_PC_Braket_02  [   -64.0   -27.0   133.0 ] .. [    64.5    24.7   148.0 ]
        solid: C2_PC_Braket_02  [   -64.0   -27.0    81.0 ] .. [    64.5    24.7    96.0 ]
        solid: C3_PC_Braket_02  [   -64.0   -27.0    29.0 ] .. [    64.5    24.7    44.0 ]
        solid: C1_PC_Braket_01_3DP  [   -64.0   -39.0   125.5 ] .. [   -49.0   -27.0   155.5 ]
        solid: C2_PC_Braket_01_3DP  [   -64.0   -39.0    73.5 ] .. [   -49.0   -27.0   103.5 ]
        solid: C3_PC_Braket_01_3DP  [    49.5   -39.0   125.5 ] .. [    64.5   -27.0   155.5 ]
        solid: C4_PC_Braket_01_3DP  [    49.5   -39.0    73.5 ] .. [    64.5   -27.0   103.5 ]
        solid: C5_PC_Braket_01_3DP  [   -64.0   -39.0    21.5 ] .. [   -49.0   -27.0    51.5 ]
        solid: C6_PC_Braket_01_3DP  [    49.5   -39.0    21.5 ] .. [    64.5   -27.0    51.5 ]
        solid: C1_Nvidia_Jetson_AGX_Thor_developerKit  [   -56.0   -33.0    19.4 ] .. [    56.6    23.4   266.4 ]
        solid: C2_Body_Part19_260515  [   -85.5  -120.0   237.5 ] .. [    85.5   -45.0   243.5 ]
        solid: C2_Body_Part22_260515  [   -79.5   -45.0    21.5 ] .. [    79.5   -39.0   345.5 ]
        solid: C1_Body_Part07_260515  [   -85.5  -120.0    13.5 ] .. [    85.5   120.0    21.5 ]
        solid: C1_ImportedSolid_143760  [   -12.8   -89.3   314.9 ] .. [    12.7   -76.4   343.7 ]
        solid: C1_ImportedSolid_1437601  [   -12.8   -96.5   253.7 ] .. [    12.7   -80.9   281.9 ]
        solid: C1_GewindestiftDIN914_3x6x05  [   -37.5   -92.7   270.5 ] .. [   -34.5   -86.6   273.9 ]
        solid: C1_GewindestiftDIN914_3x6x051  [   -37.5   -88.1   323.3 ] .. [   -34.5   -81.9   326.7 ]
        solid: C1_GewindestiftDIN914_3x6x052  [   -37.5   -92.0   278.4 ] .. [   -34.5   -85.9   281.8 ]
        solid: C1_GewindestiftDIN914_3x6x053  [   -37.5   -88.7   315.3 ] .. [   -34.5   -82.6   318.7 ]
        solid: C1_GewindestiftDIN913_5x5x08  [   -25.6  -103.6   287.5 ] .. [   -20.6   -98.3   292.9 ]
        solid: C1_GewindestiftDIN913_5x5x081  [   -25.6  -101.9   306.6 ] .. [   -20.6   -96.6   311.9 ]
        solid: C1_CDST00180  [    18.2  -103.8   285.0 ] .. [    28.0   -96.6   295.2 ]
        solid: C1_CDST001801  [    18.2  -102.1   304.1 ] .. [    28.0   -94.9   314.2 ]
        solid: C1_ImportedSolid_121888B  [    -7.0  -102.9   267.3 ] .. [     6.5   -93.3   276.7 ]
        solid: C1_ImportedSolid_121888A  [    -7.0   -98.0   321.8 ] .. [     6.5   -88.4   331.1 ]
        solid: C1_FWR50L_00_B_0FWR_F_B_GEH  [   -43.5  -106.5   262.2 ] .. [    37.5   -67.8   337.3 ]
        solid: C1_GewindestiftDIN913_4x4x07  [     6.3   -81.7   261.0 ] .. [    11.0   -77.5   265.6 ]
        solid: C1_GewindestiftDIN913_4x4x071  [   -11.0   -75.7   329.7 ] .. [    -6.3   -71.4   334.3 ]
        solid: C2_GewindestiftDIN914_3x6x05  [   -37.5   -86.8   270.0 ] .. [   -34.5   -80.6   273.4 ]
        solid: C2_GewindestiftDIN914_3x6x051  [   -37.5   -86.1   278.0 ] .. [   -34.5   -79.9   281.4 ]
        solid: C2_GewindestiftDIN914_3x6x052  [   -37.5   -82.8   314.8 ] .. [   -34.5   -76.7   318.2 ]
        solid: C2_GewindestiftDIN914_3x6x053  [   -37.5   -82.1   322.8 ] .. [   -34.5   -76.0   326.2 ]
        solid: C2_CDST00180  [    26.7   -75.3   303.0 ] .. [    35.6   -65.5   313.9 ]
        solid: C2_CDST001801  [    26.7   -77.3   280.5 ] .. [    35.6   -67.4   291.4 ]
        solid: C1_SenkschraubeDIN7991_25x6x045  [    -5.2   -77.9   288.3 ] .. [    -0.5   -71.7   293.1 ]
        solid: C1_ImportedSolid_143759_halter  [   -43.5   -84.5   296.0 ] .. [   -35.3   -72.6   306.3 ]
        solid: C1_FWR50F_00_BFWR_F_B_GEH  [   -43.5   -87.6   259.2 ] .. [    37.5   -59.1   335.7 ]
        solid: C2_GewindestiftDIN913_4x4x07  [     6.3    71.4   329.7 ] .. [    11.0    75.7   334.3 ]
        solid: C2_GewindestiftDIN913_4x4x071  [   -11.0    77.5   261.0 ] .. [    -6.3    81.7   265.6 ]
        solid: C3_GewindestiftDIN914_3x6x05  [   -37.5    76.0   322.8 ] .. [   -34.5    82.1   326.2 ]
        solid: C3_GewindestiftDIN914_3x6x051  [   -37.5    76.7   314.8 ] .. [   -34.5    82.8   318.2 ]
        solid: C3_GewindestiftDIN914_3x6x052  [   -37.5    79.9   278.0 ] .. [   -34.5    86.1   281.4 ]
        solid: C3_GewindestiftDIN914_3x6x053  [   -37.5    80.6   270.0 ] .. [   -34.5    86.8   273.4 ]
        solid: C3_CDST00180  [    26.7    67.4   280.5 ] .. [    35.6    77.3   291.4 ]
        solid: C3_CDST001801  [    26.7    65.5   303.0 ] .. [    35.6    75.3   313.9 ]
        solid: C2_SenkschraubeDIN7991_25x6x045  [    -5.1    70.5   302.3 ] .. [    -0.4    76.7   307.0 ]
        solid: C2_ImportedSolid_143759_halter  [   -43.5    73.2   289.8 ] .. [   -35.3    85.0   299.8 ]
        solid: C2_FWR50F_00_BFWR_F_B_GEH  [   -43.5    59.1   259.2 ] .. [    37.5    87.6   335.7 ]
        solid: C3__________1  [    -1.0    -1.0   312.5 ] .. [     1.0     1.0   347.5 ]
        solid: C1_M2_______2  [    -9.0    -9.0   344.1 ] .. [     9.0     9.0   347.5 ]
        solid: C1_________8  [   -27.5   -27.5   331.0 ] .. [    27.5    27.5   344.0 ]
        solid: C1_____1  [   -27.5   -27.5   292.0 ] .. [    27.5    27.5   301.5 ]
        solid: C1_________5  [   -18.5   -18.5   341.3 ] .. [    18.5    18.5   347.5 ]
        solid: C1_________3  [   -27.5   -27.5   344.0 ] .. [    27.5    27.5   346.5 ]
        solid: C1_____11  [   -27.5   -27.5   300.0 ] .. [    27.5    27.5   340.0 ]
        solid: C1_Body_Part02_260515  [   -79.5   -90.0   345.5 ] .. [    79.5    90.0   351.5 ]
        solid: C2_FWR50L_00_B_0FWR_F_B_GEH  [   -43.5    67.7   262.2 ] .. [    37.5   106.5   337.3 ]
        solid: C7_PC_Braket_01_3DP  [   -64.0   -39.0   244.5 ] .. [   -49.0   -27.0   274.5 ]
        solid: C8_PC_Braket_01_3DP  [    49.5   -39.0   244.5 ] .. [    64.5   -27.0   274.5 ]
        solid: C1_Body_Part21_수정본  [   -40.0   -66.8   254.7 ] .. [    40.0   -45.0   336.3 ]
        solid: C2_Body_Part21_수정본  [   -40.0    45.0   254.7 ] .. [    40.0    66.8   336.3 ]
        solid: C4__________1  [    -1.0   -33.0   389.5 ] .. [     1.0     2.0   391.5 ]
        solid: C2_M2_______2  [    -9.0   -33.0   381.5 ] .. [     9.0   -29.6   399.5 ]
        solid: C2_________8  [   -27.5   -29.5   363.0 ] .. [    27.5   -16.5   418.0 ]
        solid: C2_____1  [   -27.5    13.0   363.0 ] .. [    27.5    22.5   418.0 ]
        solid: C2_________5  [   -18.5   -33.0   372.0 ] .. [    18.5   -26.8   409.0 ]
        solid: C2_________3  [   -27.5   -32.0   363.0 ] .. [    27.5   -29.5   418.0 ]
        solid: C2_____11  [   -27.5   -25.5   363.0 ] .. [    27.5    14.5   418.0 ]
        solid: C1_Head_Part08  [   -55.0   -55.0   353.5 ] .. [    55.0    55.0   422.0 ]
        solid: C1_Head_Part04  [   -76.5   -75.0   414.3 ] .. [   -63.5    75.0   564.3 ]
        solid: C1_Head_Part06  [   -20.0   -48.0   370.5 ] .. [    20.0   -43.0   440.5 ]
        solid: C1_Head_Part03  [   -66.5   -75.0   414.3 ] .. [    63.5    75.0   564.3 ]
        solid: C1_Head_Part05  [   -72.0   -43.0   508.5 ] .. [    47.5    33.0   527.5 ]
        solid: C1_Body_Part04  [   -20.0   -43.0   370.5 ] .. [    20.0   -32.2   508.5 ]
        solid: C1_Body_Part10  [    20.0   -43.0   443.5 ] .. [    25.0    33.0   508.5 ]
        solid: C1_D415_DepthCamera  [   -77.0   -49.5   512.5 ] .. [   -57.0    49.0   535.5 ]
        solid: C2_D415_DepthCamera  [    47.5   -49.0   512.5 ] .. [    67.6    49.5   535.5 ]
        solid: C1_Body_Part06  [   -30.0   -35.0   353.5 ] .. [    30.0   -30.0   420.5 ]
        solid: C1_Body_Part03  [   -30.0   -30.0   346.7 ] .. [    30.0    30.0   361.5 ]
        solid: C4_PC_Braket_02  [   -64.0   -27.0   252.0 ] .. [    64.5    24.7   267.0 ]
  SUBSYSTEM RightArm@HumanoidUpperBody
    bodies (10):
      body6  mass=0.553374  solids=13 sheets=0 shells=0
        model box [   -37.0  -646.0   123.1 ] .. [    46.8  -588.0   202.0 ]
        body  box [   -37.0  -646.0   123.1 ] .. [    46.8  -588.0   202.0 ]  origin [     0.0  -103.3   300.0 ] .. [     0.0    85.0     0.0 ]
          solid: FL6700ZZ_Right_어깨양단지지_URDF  [    33.0  -625.2   148.8 ] .. [    37.0  -608.7   165.3 ]
          solid: FL6700ZZ_Right_어깨양단지지_URDF1  [   -37.0  -625.2   148.8 ] .. [   -33.0  -608.7   165.3 ]
          solid: C1_DBSY4_7_5  [    32.0  -622.0   191.0 ] .. [    46.8  -612.0   201.0 ]
          solid: C1_SWSPS12_6_10  [    42.8  -623.0   190.0 ] .. [    43.8  -611.0   202.0 ]
          solid: C1_SWSPS12_6_102  [    37.8  -623.0   190.0 ] .. [    38.8  -611.0   202.0 ]
          solid: C1_손목_Pitch_링크고정부_260415  [   -33.5  -646.0   184.5 ] .. [    33.5  -588.0   190.5 ]
          solid: C1_손목_Pitch_고정부_260415  [   -33.5  -646.0   123.1 ] .. [    33.5  -588.0   130.1 ]
          solid: C1_손목_Pitch_링크고정부2_260408  [    18.6  -634.0   190.5 ] .. [    37.8  -600.0   202.0 ]
          solid: C1_손목_Pitch_베어링체결부_260409  [   -37.0  -625.5   128.1 ] .. [   -28.5  -608.5   186.0 ]
          solid: C1_Body11  [    39.8  -622.0   191.0 ] .. [    42.8  -612.0   201.0 ]
          solid: C1_________11  [   -27.5  -644.5   128.1 ] .. [    27.5  -589.5   186.1 ]
          solid: C1_NONE  [   -17.5  -634.5   125.1 ] .. [    17.5  -599.5   133.6 ]
          solid: C1_손목_Pitch_베어링체결부_260407  [    28.5  -625.5   128.1 ] .. [    37.0  -608.5   186.0 ]
      body7  mass=0.268224  solids=2 sheets=0 shells=0
        model box [   -27.5  -685.5   115.1 ] .. [    27.5  -598.0   184.6 ]
        body  box [   -27.5  -685.5   115.1 ] .. [    27.5  -598.0   184.6 ]  origin [     0.0  -103.3   300.0 ] .. [     0.0    85.0     0.0 ]
          solid: C1_손목_Pitch_회전부2_260415_URDF  [   -27.5  -685.5   115.1 ] .. [    27.5  -668.5   184.6 ]
          solid: C1_손목_Pitch_회전부_260415_URDF  [   -19.0  -684.5   115.1 ] .. [    19.0  -598.0   127.1 ]
      body5  mass=0.824678  solids=8 sheets=0 shells=0
        model box [   -37.8  -632.0   128.5 ] .. [    36.8  -491.5   185.5 ]
        body  box [   -37.8  -632.0   128.5 ] .. [    36.8  -491.5   185.5 ]  origin [     0.0  -103.3   300.0 ] .. [     0.0    85.0     0.0 ]
          solid: 손목_샤프트_260408_URDF  [   -34.8  -570.0   167.0 ] .. [    34.8  -564.0   173.0 ]
          solid: 손목_샤프트_260408_URDF1  [   -34.8  -570.0   141.0 ] .. [    34.8  -564.0   147.0 ]
          solid: 손목_Yaw_01_URDF  [   -37.8  -565.5   128.5 ] .. [   -22.7  -508.5   185.5 ]
          solid: 손목_Roll_회전부3_260409_v2_URDF  [    33.8  -632.0   129.0 ] .. [    36.8  -498.0   185.0 ]
          solid: 손목_Roll_회전부2_260409_v2_URDF  [   -36.8  -632.0   129.0 ] .. [   -33.8  -498.0   185.0 ]
          solid: ________11  [   -24.2  -564.5   129.4 ] .. [    33.8  -509.5   184.5 ]
          solid: NONE  [    28.3  -554.5   139.5 ] .. [    36.8  -519.5   174.5 ]
          solid: 손목_Roll_회전부_260409_v2_URDF  [   -36.8  -502.5   129.0 ] .. [    36.8  -491.5   185.0 ]
      body4  mass=1.16724  solids=12 sheets=0 shells=0
        model box [   -43.0  -495.5   113.0 ] .. [    43.0  -314.5   210.0 ]
        body  box [   -43.0  -495.5   113.0 ] .. [    43.0  -314.5   210.0 ]  origin [     0.0  -103.3   300.0 ] .. [     0.0    85.0     0.0 ]
          solid: 팔꿈치_Pitch_회전부_260427_URDF  [   -28.5  -415.0   199.0 ] .. [    28.5  -314.5   208.0 ]
          solid: 손목_Roll_체결부_260415_v2_URDF  [   -41.5  -495.5   115.5 ] .. [    41.5  -488.5   198.5 ]
          solid: 팔꿈치_손목_연결부_샤프트_260413_URDF  [   -36.6  -490.0   187.6 ] .. [   -30.6  -412.0   193.6 ]
          solid: NONE  [   -40.0  -492.5   117.0 ] .. [    40.0  -426.0   197.0 ]
          solid: ________11  [   -26.5  -493.5   130.5 ] .. [    26.5  -436.5   183.5 ]
          solid: 팔꿈치_손목_연결부_샤프트_260413_URDF1  [    30.6  -490.0   120.4 ] .. [    36.6  -412.0   126.4 ]
          solid: 팔꿈치_손목_연결부_샤프트_260413_URDF2  [    30.6  -490.0   187.6 ] .. [    36.6  -412.0   193.6 ]
          solid: 팔꿈치_손목_연결부_샤프트_260413_URDF3  [   -36.6  -490.0   120.4 ] .. [   -30.6  -412.0   126.4 ]
          solid: 팔꿈치_Pitchl베어링_고정파트_URDF기본  [    14.0  -394.0   113.0 ] .. [    32.0  -379.0   210.0 ]
          solid: 팔꿈치_Pitchl베어링_고정파트_URDF기본1  [   -32.0  -394.0   113.0 ] .. [   -14.0  -379.0   210.0 ]
          solid: 팔꿈치_Pitch_회전부2_260427_URDF  [   -26.5  -415.0   115.0 ] .. [    26.5  -316.5   125.5 ]
          solid: 팔꿈치_Pitch_회전부3_260422_URDF  [   -43.0  -415.0   115.0 ] .. [    43.0  -409.0   208.0 ]
      body3  mass=2.51513  solids=22 sheets=0 shells=0
        model box [   -49.5  -383.5   107.5 ] .. [    49.5   -94.8   206.5 ]
        body  box [   -49.5  -383.5   107.5 ] .. [    49.5   -95.0   206.5 ]  origin [     0.0  -103.3   300.0 ] .. [     0.0    85.0     0.0 ]
          solid: 어깨_Yaw_팔꿈치_연결부_260423_URDF  [   -40.0  -383.0   198.0 ] .. [    40.0  -285.0   201.0 ]
          solid: _________46  [   -45.0  -160.6   112.0 ] .. [    45.0  -150.1   202.0 ]
          solid: ____2  [   -45.0  -171.0   112.0 ] .. [    45.0  -158.1   202.0 ]
          solid: _________4  [   -45.0  -151.6   112.0 ] .. [    45.0  -124.6   202.0 ]
          solid: _________1  [   -43.2  -103.0   171.3 ] .. [   -38.2   -95.5   176.3 ]
          solid: _________11  [    38.2  -103.0   137.7 ] .. [    43.2   -95.5   142.7 ]
          solid: ________2  [   -48.0  -103.0   109.0 ] .. [    48.0   -98.0   205.0 ]
          solid: ____mm_______1  [   -32.0  -108.0   125.0 ] .. [    32.0   -95.0   189.0 ]
          solid: _________12  [   -12.5  -158.5   144.5 ] .. [    12.5   -95.0   169.5 ]
          solid: ____3  [   -48.0  -126.1   109.0 ] .. [    48.0  -103.0   205.0 ]
          solid: 어깨_Yaw_체결부_260415_URDF  [   -49.5  -103.0   107.5 ] .. [    49.5   -95.0   206.5 ]
          solid: 어깨_팔꿈치_연결부_샤프트_260413_URDF  [    34.2  -288.0   114.8 ] .. [    42.2  -101.0   122.8 ]
          solid: 팔꿈치_스토퍼_260424_URDF  [   -40.0  -348.3   115.0 ] .. [   -28.3  -322.6   125.5 ]
          solid: 어깨_팔꿈치_연결부_샤프트_260413_URDF1  [   -42.2  -288.0   114.8 ] .. [   -34.2  -101.0   122.8 ]
          solid: 어깨_팔꿈치_연결부_샤프트_260413_URDF2  [    34.2  -288.0   191.2 ] .. [    42.2  -101.0   199.2 ]
          solid: 어깨_Yaw_팔꿈치_연결부_B_260423_URDF  [   -40.0  -383.0   119.5 ] .. [    40.0  -285.0   128.5 ]
          solid: 어깨_팔꿈치_연결부_260416_URDF  [   -44.0  -293.0   113.0 ] .. [    44.0  -285.0   203.0 ]
          solid: NONE  [   -40.0  -383.0   133.5 ] .. [    40.0  -303.0   200.0 ]
          solid: ________11  [   -26.5  -369.5   144.0 ] .. [    26.5  -316.5   201.0 ]
          solid: 베어링_6708U_H_URDF  [   -25.0  -368.0   119.5 ] .. [    25.0  -318.0   125.5 ]
          solid: 팔꿈치_끝단베어링_체결부_260417_URDF  [   -40.5  -383.5   128.5 ] .. [    40.5  -302.5   134.5 ]
          solid: 어깨_팔꿈치_연결부_샤프트_260413_URDF3  [   -42.2  -288.0   191.2 ] .. [   -34.2  -101.0   199.2 ]
      body2  mass=0.828969  solids=5 sheets=0 shells=0
        model box [   -53.0   -97.0   123.0 ] .. [    56.0    34.0   191.0 ]
        body  box [   -53.0   -97.0   123.0 ] .. [    56.0    34.0   191.0 ]  origin [     0.0  -103.3   300.0 ] .. [     0.0    85.0     0.0 ]
          solid: 어깨_Roll_연결부_260423_URDF  [   -51.0   -90.0   123.0 ] .. [   -38.0    34.0   191.0 ]
          solid: 어깨_Roll_Yaw_연결부_260422_URDF  [   -51.0   -97.0   123.0 ] .. [    54.0   -72.0   191.0 ]
          solid: 어깨_Roll_베어링_연결부_260423_URDF  [    40.0   -90.0   132.0 ] .. [    54.0    25.0   182.0 ]
          solid: 어깨_Roll베어링_고정파트_URDF기본  [   -53.0   -80.0   170.0 ] .. [    56.0   -51.0   188.0 ]
          solid: 어깨_Roll베어링_고정파트_URDF기본1  [   -53.0   -80.0   126.0 ] .. [    56.0   -51.0   144.0 ]
      body1  mass=1.69424  solids=15 sheets=0 shells=0
        model box [   -41.0   -50.0    86.0 ] .. [    47.0    50.0   215.0 ]
        body  box [   -41.0   -50.0    86.0 ] .. [    47.0    50.0   215.0 ]  origin [     0.0  -103.3   300.0 ] .. [     0.0    85.0     0.0 ]
          solid: 어깨_Roll모터_고정막대_260423_URDF  [   -34.5   -21.0   207.0 ] .. [    33.5    21.0   213.0 ]
          solid: 베어링_6809_URDF  [    40.0   -29.0   128.0 ] .. [    47.0    29.0   186.0 ]
          solid: 어깨_Pitch_고정연결부_260423_Right_어깨양단지지_B_URDF  [    32.0   -50.0    92.0 ] .. [    40.0    50.0   215.0 ]
          solid: 어깨_Pitch_고정연결부_260423_Right_어깨양단지지_B_URDF1  [    40.0   -35.0   122.0 ] .. [    47.0    35.0   192.0 ]
          solid: 어깨_Pitch_고정연결부_260423_A_URDF  [   -41.0   -50.0    92.0 ] .. [   -33.0    50.0   215.0 ]
          solid: 어깨_Pitch_회전부_260423_Right_어깨양단지지_URDF  [   -41.0   -34.0    86.0 ] .. [    40.0    34.0   100.0 ]
          solid: _________46  [    15.1   -47.9   109.1 ] .. [    25.6    47.9   204.9 ]
          solid: ____2  [    23.1   -47.9   109.1 ] .. [    36.0    47.9   204.9 ]
          solid: _________4  [   -10.4   -47.9   109.1 ] .. [    16.6    47.9   204.9 ]
          solid: _________1  [   -39.5   -45.5   145.0 ] .. [   -32.0   -40.5   150.0 ]
          solid: _________11  [   -39.5    40.5   164.0 ] .. [   -32.0    45.5   169.0 ]
          solid: ________2  [   -37.0   -48.0   109.0 ] .. [   -32.0    48.0   205.0 ]
          solid: ____mm_______1  [   -40.0   -32.0   125.0 ] .. [   -27.0    32.0   189.0 ]
          solid: _________12  [   -40.0   -12.5   144.5 ] .. [    23.5    12.5   169.5 ]
          solid: ____3  [   -32.0   -48.0   109.0 ] .. [    -8.9    48.0   205.0 ]
      body0  mass=0.225061  solids=13 sheets=0 shells=0
        model box [   -58.0   -50.0    -3.0 ] .. [    58.0    50.0    91.0 ]
        body  box [   -58.0   -50.0    -3.0 ] .. [    58.0    50.0    91.0 ]  origin [     0.0  -103.3   300.0 ] .. [     0.0    85.0     0.0 ]
          solid: 어깨_고정막대_260423_URDF  [   -56.0   -21.0    12.0 ] .. [   -50.0    21.0    85.0 ]
          solid: 어깨_Pitch모터_고정막대_260423_URDF  [    50.0   -21.0    12.0 ] .. [    56.0    21.0    85.0 ]
          solid: 어깨_Pitch_고정부_B_260529_URDF  [   -58.0   -50.0    -3.0 ] .. [    58.0    50.0    14.0 ]
          solid: 어깨_Pitch_고정부_A_260423_URDF  [   -58.0   -50.0    83.0 ] .. [    58.0    50.0    91.0 ]
          solid: _________46  [   -47.5   -47.5    22.4 ] .. [    47.5    47.5    32.9 ]
          solid: ____2  [   -47.5   -47.5    12.0 ] .. [    47.5    47.5    24.9 ]
          solid: _________4  [   -47.5   -47.5    31.4 ] .. [    47.5    47.5    58.4 ]
          solid: _________1  [   -37.4    24.3    80.0 ] .. [   -32.4    29.3    87.5 ]
          solid: _________11  [    32.4   -29.3    80.0 ] .. [    37.4   -24.3    87.5 ]
          solid: ________2  [   -48.0   -48.0    80.0 ] .. [    48.0    48.0    85.0 ]
          solid: ____mm_______1  [   -32.0   -32.0    75.0 ] .. [    32.0    32.0    88.0 ]
          solid: _________12  [   -12.5   -12.5    24.5 ] .. [    12.5    12.5    88.0 ]
          solid: ____3  [   -48.0   -48.0    56.9 ] .. [    48.0    48.0    80.0 ]
      body6_1  mass=0.0263409  solids=7 sheets=0 shells=0
        model box [    37.8  -623.5   189.5 ] .. [    50.8  -530.5   202.5 ]
        body  box [    37.8  -623.5   189.5 ] .. [    50.8  -530.5   202.5 ]  origin [     0.0  -103.3   300.0 ] .. [     0.0    85.0     0.0 ]
          solid: C1_손목_Yaw_링크_260511_Left_URDF  [    38.8  -623.5   189.5 ] .. [    49.8  -530.5   202.5 ]
          solid: C1_SWSPS12_6_10  [    42.8  -623.0   190.0 ] .. [    43.8  -611.0   202.0 ]
          solid: C1_SWSPS12_6_101  [    49.8  -543.0   190.0 ] .. [    50.8  -531.0   202.0 ]
          solid: C1_SWSPS12_6_102  [    37.8  -623.0   190.0 ] .. [    38.8  -611.0   202.0 ]
          solid: C1_SWSPS12_6_103  [    44.8  -543.0   190.0 ] .. [    45.8  -531.0   202.0 ]
          solid: C1_Body11  [    39.8  -622.0   191.0 ] .. [    42.8  -612.0   201.0 ]
          solid: C1_Body111  [    46.8  -542.0   191.0 ] .. [    49.8  -532.0   201.0 ]
      body6_2  mass=0.0661164  solids=5 sheets=0 shells=0
        model box [    34.8  -556.0   138.0 ] .. [    53.6  -518.0   202.0 ]
        body  box [    34.8  -556.0   138.0 ] .. [    53.6  -518.0   202.0 ]  origin [     0.0  -103.3   300.0 ] .. [     0.0    85.0     0.0 ]
          solid: C1_DBSY4_7_51  [    38.8  -542.0   191.0 ] .. [    53.6  -532.0   201.0 ]
          solid: C1_SWSPS12_6_101  [    49.8  -543.0   190.0 ] .. [    50.8  -531.0   202.0 ]
          solid: C1_SWSPS12_6_103  [    44.8  -543.0   190.0 ] .. [    45.8  -531.0   202.0 ]
          solid: C1_Body111  [    46.8  -542.0   191.0 ] .. [    49.8  -532.0   201.0 ]
          solid: C1_손목_Yaw_회전부_260420  [    34.8  -556.0   138.0 ] .. [    44.8  -518.0   201.0 ]
  SUBSYSTEM LeftArm@HumanoidUpperBody
    bodies (10):
      body6  mass=0.51807  solids=11 sheets=0 shells=0
        model box [   -37.0   588.0   123.0 ] .. [    43.8   646.0   202.0 ]
        body  box [   -37.0   588.0   123.0 ] .. [    43.8   646.0   202.0 ]  origin [     0.0   103.3   300.0 ] .. [   180.0    85.0   180.0 ]
          solid: C1_SWSPS12_6_10_URDF  [    37.8   611.0   190.0 ] .. [    38.8   623.0   202.0 ]
          solid: C1_SWSPS12_6_10_URDF2  [    42.8   611.0   190.0 ] .. [    43.8   623.0   202.0 ]
          solid: C1_손목_Pitch_링크고정부_260415_URDF  [   -33.5   588.0   184.5 ] .. [    33.5   646.0   190.5 ]
          solid: C1_손목_Pitch_고정부_260415_URDF  [   -33.5   588.0   123.0 ] .. [    33.5   646.0   130.0 ]
          solid: C1_손목_Pitch_링크고정부2_260408_URDF  [    18.6   600.0   190.5 ] .. [    37.8   634.0   202.0 ]
          solid: C1_손목_Pitch_베어링체결부_260409_URDF  [    28.5   608.5   128.0 ] .. [    37.0   625.5   185.9 ]
          solid: C1_FL6700ZZ_Right_어깨양단지지_URDF  [   -37.0   608.8   148.7 ] .. [   -33.0   625.3   165.2 ]
          solid: C1_________11  [   -27.5   589.5   128.0 ] .. [    27.5   644.5   186.0 ]
          solid: C1_NONE  [   -17.5   599.5   125.0 ] .. [    17.5   634.5   133.5 ]
          solid: C1_손목_Pitch_베어링체결부_260407_URDF  [   -37.0   608.5   128.0 ] .. [   -28.5   625.5   185.9 ]
          solid: C1_FL6700ZZ_Right_어깨양단지지_URDF1  [    33.0   608.7   148.7 ] .. [    37.0   625.2   165.2 ]
      body7  mass=0.360479  solids=2 sheets=0 shells=0
        model box [   -27.5   598.0   115.0 ] .. [    27.5   685.5   184.5 ]
        body  box [   -27.5   598.0   115.0 ] .. [    27.5   685.5   184.5 ]  origin [     0.0   103.3   300.0 ] .. [   180.0    85.0   180.0 ]
          solid: C1_손목_Pitch_회전부2_260415_URDF  [   -27.5   668.5   115.0 ] .. [    27.5   685.5   184.5 ]
          solid: C1_손목_Pitch_회전부_260415_URDF  [   -19.0   598.0   115.0 ] .. [    19.0   684.5   127.0 ]
      body5  mass=0.502464  solids=8 sheets=0 shells=0
        model box [   -37.8   491.5   128.5 ] .. [    36.8   632.0   185.5 ]
        body  box [   -37.8   491.5   128.5 ] .. [    36.8   632.0   185.5 ]  origin [     0.0   103.3   300.0 ] .. [   180.0    85.0   180.0 ]
          solid: 손목_샤프트_260408_URDF  [   -34.8   564.0   141.0 ] .. [    34.8   570.0   147.0 ]
          solid: 손목_샤프트_260408_URDF1  [   -34.8   564.0   167.0 ] .. [    34.8   570.0   173.0 ]
          solid: 손목_Yaw_01_URDF  [   -37.8   508.5   128.5 ] .. [   -22.7   565.5   185.5 ]
          solid: 손목_Roll_회전부3_260526_v2_URDF  [    33.8   498.0   129.0 ] .. [    36.8   632.0   185.0 ]
          solid: 손목_Roll_회전부2_260409_v2_URDF  [   -36.8   498.0   129.0 ] .. [   -33.8   632.0   185.0 ]
          solid: ________11  [   -24.2   509.5   129.4 ] .. [    33.8   564.5   184.5 ]
          solid: NONE  [    28.3   519.5   139.5 ] .. [    36.8   554.5   174.5 ]
          solid: 손목_Roll_회전부_260409_v2_URDF  [   -36.8   491.5   129.0 ] .. [    36.8   502.5   185.0 ]
      body4  mass=1.06363  solids=12 sheets=0 shells=0
        model box [   -43.0   314.5   113.0 ] .. [    43.0   495.5   210.0 ]
        body  box [   -43.0   314.5   113.0 ] .. [    43.0   495.5   210.0 ]  origin [     0.0   103.3   300.0 ] .. [   180.0    85.0   180.0 ]
          solid: 손목_Roll_체결부_260415_v2_URDF  [   -41.5   488.5   115.5 ] .. [    41.5   495.5   198.5 ]
          solid: NONE  [   -40.0   426.0   117.0 ] .. [    40.0   492.5   197.0 ]
          solid: ________11  [   -26.5   436.5   130.5 ] .. [    26.5   493.5   183.5 ]
          solid: 팔꿈치_Pitchl베어링_고정파트_URDF기본  [   -32.0   379.0   113.0 ] .. [   -14.0   394.0   210.0 ]
          solid: 팔꿈치_Pitchl베어링_고정파트_URDF기본1  [    14.0   379.0   113.0 ] .. [    32.0   394.0   210.0 ]
          solid: 팔꿈치_손목_연결부_샤프트_260413_URDF  [    30.6   412.0   187.6 ] .. [    36.6   490.0   193.6 ]
          solid: 팔꿈치_손목_연결부_샤프트_260413_URDF1  [    30.6   412.0   120.4 ] .. [    36.6   490.0   126.4 ]
          solid: 팔꿈치_손목_연결부_샤프트_260413_URDF2  [   -36.6   412.0   187.6 ] .. [   -30.6   490.0   193.6 ]
          solid: 팔꿈치_손목_연결부_샤프트_260413_URDF3  [   -36.6   412.0   120.4 ] .. [   -30.6   490.0   126.4 ]
          solid: 팔꿈치_Pitch_회전부3_260422_URDF  [   -43.0   409.0   115.0 ] .. [    43.0   415.0   208.0 ]
          solid: 팔꿈치_Pitch_회전부_260427_URDF  [   -28.5   314.5   199.0 ] .. [    28.5   415.0   208.0 ]
          solid: 팔꿈치_Pitch_회전부2_260427_URDF  [   -26.5   316.5   115.0 ] .. [    26.5   415.0   125.5 ]
      body3  mass=2.77074  solids=22 sheets=0 shells=0
        model box [   -49.5    94.8   107.5 ] .. [    49.5   383.5   206.5 ]
        body  box [   -49.5    95.0   107.5 ] .. [    49.5   383.5   206.5 ]  origin [     0.0   103.3   300.0 ] .. [   180.0    85.0   180.0 ]
          solid: 베어링_6708U_H_URDF  [   -25.0   318.0   119.5 ] .. [    25.0   368.0   125.5 ]
          solid: 어깨_Yaw_체결부_260415_URDF  [   -49.5    95.0   107.5 ] .. [    49.5   103.0   206.5 ]
          solid: _________46  [   -45.0   150.1   112.0 ] .. [    45.0   160.6   202.0 ]
          solid: ____2  [   -45.0   158.1   112.0 ] .. [    45.0   171.0   202.0 ]
          solid: _________4  [   -45.0   124.6   112.0 ] .. [    45.0   151.6   202.0 ]
          solid: _________1  [   -43.2    95.5   137.7 ] .. [   -38.2   103.0   142.7 ]
          solid: _________11  [    38.2    95.5   171.3 ] .. [    43.2   103.0   176.3 ]
          solid: ________2  [   -48.0    98.0   109.0 ] .. [    48.0   103.0   205.0 ]
          solid: ____mm_______1  [   -32.0    95.0   125.0 ] .. [    32.0   108.0   189.0 ]
          solid: _________12  [   -12.5    95.0   144.5 ] .. [    12.5   158.5   169.5 ]
          solid: ____3  [   -48.0   103.0   109.0 ] .. [    48.0   126.1   205.0 ]
          solid: 팔꿈치_스토퍼_260424_URDF  [   -40.0   323.5   115.0 ] .. [   -29.3   349.3   125.5 ]
          solid: 어깨_팔꿈치_연결부_샤프트_260413_URDF  [   -42.2   101.0   191.2 ] .. [   -34.2   288.0   199.2 ]
          solid: 어깨_팔꿈치_연결부_샤프트_260413_URDF1  [   -42.2   101.0   114.8 ] .. [   -34.2   288.0   122.8 ]
          solid: 어깨_팔꿈치_연결부_샤프트_260413_URDF2  [    34.2   101.0   114.8 ] .. [    42.2   288.0   122.8 ]
          solid: 어깨_Yaw_팔꿈치_연결부_B_260423_URDF  [   -40.0   285.0   119.5 ] .. [    40.0   383.0   128.5 ]
          solid: 팔꿈치_끝단베어링_체결부_260417_URDF  [   -40.5   302.5   128.5 ] .. [    40.5   383.5   134.5 ]
          solid: 어깨_팔꿈치_연결부_260416_URDF  [   -44.0   285.0   113.0 ] .. [    44.0   293.0   203.0 ]
          solid: 어깨_팔꿈치_연결부_샤프트_260413_URDF3  [    34.2   101.0   191.2 ] .. [    42.2   288.0   199.2 ]
          solid: NONE  [   -40.0   303.0   133.5 ] .. [    40.0   383.0   200.0 ]
          solid: ________11  [   -26.5   316.5   144.0 ] .. [    26.5   369.5   201.0 ]
          solid: 어깨_Yaw_팔꿈치_연결부_260423_URDF  [   -40.0   285.0   198.0 ] .. [    40.0   383.0   201.0 ]
      body2  mass=0.284922  solids=5 sheets=0 shells=0
        model box [   -53.0   -34.0   123.0 ] .. [    56.0    97.0   191.0 ]
        body  box [   -53.0   -34.0   123.0 ] .. [    56.0    97.0   191.0 ]  origin [     0.0   103.3   300.0 ] .. [   180.0    85.0   180.0 ]
          solid: 어깨_Roll베어링_고정파트_URDF기본  [   -53.0    51.0   170.0 ] .. [    56.0    80.0   188.0 ]
          solid: 어깨_Roll베어링_고정파트_URDF기본1  [   -53.0    51.0   126.0 ] .. [    56.0    80.0   144.0 ]
          solid: 어깨_Roll_베어링_연결부_260423_URDF  [    40.0   -25.0   132.0 ] .. [    54.0    90.0   182.0 ]
          solid: 어깨_Roll_Yaw_연결부_260422_URDF  [   -51.0    72.0   123.0 ] .. [    54.0    97.0   191.0 ]
          solid: 어깨_Roll_연결부_260511_Left_URDF  [   -51.0   -34.0   123.0 ] .. [   -38.0    90.0   191.0 ]
      body1  mass=1.68933  solids=15 sheets=0 shells=0
        model box [   -41.0   -50.0    86.0 ] .. [    47.0    50.0   215.0 ]
        body  box [   -41.0   -50.0    86.0 ] .. [    47.0    50.0   215.0 ]  origin [     0.0   103.3   300.0 ] .. [   180.0    85.0   180.0 ]
          solid: 어깨_Roll모터_고정막대_260423_URDF  [   -34.5   -21.0   207.0 ] .. [    33.5    21.0   213.0 ]
          solid: 베어링_6809_URDF  [    40.0   -29.0   128.0 ] .. [    47.0    29.0   186.0 ]
          solid: 어깨_Pitch_고정연결부_260511_B_Left_URDF  [    32.0   -50.0    92.0 ] .. [    40.0    50.0   215.0 ]
          solid: 어깨_Pitch_고정연결부_260511_B_Left_URDF1  [    40.0   -35.0   122.0 ] .. [    47.0    35.0   192.0 ]
          solid: 어깨_Pitch_고정연결부_260511_A_Left_URDF  [   -41.0   -50.0    92.0 ] .. [   -33.0    50.0   215.0 ]
          solid: 어깨_Pitch_회전부_260423_Right_어깨양단지지_URDF  [   -41.0   -34.0    86.0 ] .. [    40.0    34.0   100.0 ]
          solid: _________46  [    15.1   -48.0   109.0 ] .. [    25.6    48.0   205.0 ]
          solid: ____2  [    23.1   -48.0   109.0 ] .. [    36.0    48.0   205.0 ]
          solid: _________4  [   -10.4   -48.0   109.0 ] .. [    16.6    48.0   205.0 ]
          solid: _________1  [   -39.5   -24.8   192.4 ] .. [   -32.0   -19.8   197.4 ]
          solid: _________11  [   -39.5    19.8   116.6 ] .. [   -32.0    24.8   121.6 ]
          solid: ________2  [   -37.0   -48.0   109.0 ] .. [   -32.0    48.0   205.0 ]
          solid: ____mm_______1  [   -40.0   -32.0   125.0 ] .. [   -27.0    32.0   189.0 ]
          solid: _________12  [   -40.0   -12.5   144.5 ] .. [    23.5    12.5   169.5 ]
          solid: ____3  [   -32.0   -48.0   109.0 ] .. [    -8.9    48.0   205.0 ]
      body0  mass=0.225061  solids=13 sheets=0 shells=0
        model box [   -58.0   -50.0    -3.0 ] .. [    58.0    50.0    91.0 ]
        body  box [   -58.0   -50.0    -3.0 ] .. [    58.0    50.0    91.0 ]  origin [     0.0   103.3   300.0 ] .. [   180.0    85.0   180.0 ]
          solid: 어깨_고정막대_260423_URDF  [    50.0   -21.0    12.0 ] .. [    56.0    21.0    85.0 ]
          solid: 어깨_Pitch모터_고정막대_260423_URDF  [   -56.0   -21.0    12.0 ] .. [   -50.0    21.0    85.0 ]
          solid: 어깨_Pitch_고정부_B_Left_260529_URDF  [   -58.0   -50.0    -3.0 ] .. [    58.0    50.0    14.0 ]
          solid: 어깨_Pitch_고정부_A_Left_260511_URDF  [   -58.0   -50.0    83.0 ] .. [    58.0    50.0    91.0 ]
          solid: _________46  [   -47.5   -47.5    22.4 ] .. [    47.5    47.5    32.9 ]
          solid: ____2  [   -47.5   -47.5    12.0 ] .. [    47.5    47.5    24.9 ]
          solid: _________4  [   -47.5   -47.5    31.4 ] .. [    47.5    47.5    58.4 ]
          solid: _________1  [    -8.2   -46.1    80.0 ] .. [    -3.2   -41.1    87.5 ]
          solid: _________11  [     3.2    41.1    80.0 ] .. [     8.2    46.1    87.5 ]
          solid: ________2  [   -48.0   -48.0    80.0 ] .. [    48.0    48.0    85.0 ]
          solid: ____mm_______1  [   -32.0   -32.0    75.0 ] .. [    32.0    32.0    88.0 ]
          solid: _________12  [   -12.5   -12.5    24.5 ] .. [    12.5    12.5    88.0 ]
          solid: ____3  [   -48.0   -48.0    56.9 ] .. [    48.0    48.0    80.0 ]
      body6_1  mass=0.00733183  solids=7 sheets=0 shells=0
        model box [    37.8   530.5   189.5 ] .. [    50.8   623.5   202.5 ]
        body  box [    37.8   530.5   189.5 ] .. [    50.8   623.5   202.5 ]  origin [     0.0   103.3   300.0 ] .. [   180.0    85.0   180.0 ]
          solid: C1_손목_Yaw_링크_260420_Right  [    38.8   530.5   189.5 ] .. [    49.8   623.5   202.5 ]
          solid: C1_SWSPS12_6_10_URDF  [    37.8   611.0   190.0 ] .. [    38.8   623.0   202.0 ]
          solid: C1_SWSPS12_6_10_URDF1  [    49.8   531.0   190.0 ] .. [    50.8   543.0   202.0 ]
          solid: C1_SWSPS12_6_10_URDF2  [    42.8   611.0   190.0 ] .. [    43.8   623.0   202.0 ]
          solid: C1_SWSPS12_6_10_URDF3  [    44.8   531.0   190.0 ] .. [    45.8   543.0   202.0 ]
          solid: C1_Body11  [    39.8   612.0   191.0 ] .. [    42.8   622.0   201.0 ]
          solid: C1_Body111  [    46.8   532.0   191.0 ] .. [    49.8   542.0   201.0 ]
      body6_2  mass=0.0218984  solids=5 sheets=0 shells=0
        model box [    34.8   518.0   138.0 ] .. [    53.6   556.0   202.0 ]
        body  box [    34.8   518.0   138.0 ] .. [    53.6   556.0   202.0 ]  origin [     0.0   103.3   300.0 ] .. [   180.0    85.0   180.0 ]
          solid: C1_DBSY4_7_51  [    38.8   532.0   191.0 ] .. [    53.6   542.0   201.0 ]
          solid: C1_손목_Yaw_회전부_260420_URDF  [    34.8   518.0   138.0 ] .. [    44.8   556.0   201.0 ]
          solid: C1_SWSPS12_6_10_URDF1  [    49.8   531.0   190.0 ] .. [    50.8   543.0   202.0 ]
          solid: C1_SWSPS12_6_10_URDF3  [    44.8   531.0   190.0 ] .. [    45.8   543.0   202.0 ]
          solid: C1_Body111  [    46.8   532.0   191.0 ] .. [    49.8   542.0   201.0 ]
wrote C:\Users\gkwns\Desktop\Humanoid\HumanoidUpper\claude_ws\kinematics\rom\solid_boxes.csv
wrote C:\Users\gkwns\Desktop\Humanoid\HumanoidUpper\claude_ws\kinematics\rom\body_boxes.csv
closed (no changes saved)
